test1: [f,4,c,5,t,4,s,8]
test2: [f,4,c,5,t,4,s,8]
test3: [f,4,c,5,t,4,s,8]
test4: [f,4,c,5,t,4,s,8]
test5: [f,4,c,5,t,4,s,8]
test6: [f,200004,c,5,t,200004,s,500008]
