[[1,3],[2,4]]
[[_5,3],[2,_5]]
[[_256,_257],[_276,_277]]
[[_256,_276],[_257,_277]]
