   Warning: Initialization goal exception: error(existence_error(procedure,! / 1),! / 1).
