error(type_error(callable,(true->false,1)),call/1)
