   Warning: Initialization goal exception: error(existence_error(procedure,read_from_chars/2),read_from_chars/2).
